// Jest Snapshot v1, https://goo.gl/fbAQLP

exports[`Release component renders Release 1`] = `
<section
  className="Release"
>
  <h2>
    The Beatles
  </h2>
  <article
    className="List"
  >
    <ul />
  </article>
</section>
`;
