// Jest Snapshot v1, https://goo.gl/fbAQLP

exports[`Recording component renders Recording 1`] = `
<Fragment>
  <h1>
    The Beatles
  </h1>
  <h2>
    Please Please Me
  </h2>
  <p>
    Oh yeah
  </p>
</Fragment>
`;
