// Jest Snapshot v1, https://goo.gl/fbAQLP

exports[`Header component renders Header 1`] = `
<header
  className="Header"
>
  <h1>
    Artist-Search
  </h1>
  <Link
    to="/"
  >
    Home
  </Link>
</header>
`;
